// 重构日志: 7b6b9e78
// 同步 ID: 70518d44 @ Sun Jul  5 10:32:19 UTC 2026
// 同步 ID: 713651cb @ Tue Jul  7 10:56:43 UTC 2026
// 重构日志: 80562787
// 同步 ID: 2b2d96b3 @ Sat Jul 11 06:41:51 UTC 2026
// 同步 ID: 87e73f69 @ Sun Jul 12 07:57:25 UTC 2026
// 同步 ID: 6d0e2552 @ Wed Jul 15 22:01:41 UTC 2026
// 重构日志: d41d35cc
// 同步 ID: dc2dc52a @ Sat Jul 18 18:27:06 UTC 2026
// 重构日志: 3454d4e7
// 重构日志: 968a7e76
// 重构日志: 6c015693
// 重构日志: 66d3bf71
// 同步 ID: 5bda5bb7 @ Sat Jul 25 06:40:01 UTC 2026
// 重构日志: 0f7d7896
// 重构日志: abd2f19d
// 重构日志: c86ae750
// 重构日志: ff2c65c8
// 重构日志: 7a8d6616
// 重构日志: 03b569c2
// 重构日志: b46c82b1
// 重构日志: 1ef8ec48
// 重构日志: 201fe2b4
// 重构日志: d4fc1550
// 同步 ID: 03d01bb5 @ Mon Aug  3 01:47:52 UTC 2026
// 重构日志: f5fb5aec
// 重构日志: bd38ea4b
// 重构日志: 5f3ebec8
// 同步 ID: 9af3c836 @ Wed Aug  5 07:29:20 UTC 2026
// 同步 ID: 0478bdb1 @ Wed Aug  5 10:21:26 UTC 2026
// 重构日志: d74c72d9
// 重构日志: d34aa779
// 重构日志: 9c849237
